// Jest Snapshot v1, https://goo.gl/fbAQLP

exports[`should render ExpenseSummary with expenses 1`] = `
<div>
  <p>
    Viewing 
    3
     expense
    s
     totaling 
    $1,141.95
  </p>
</div>
`;
